// 同步 ID: 33b7c8e2 @ Mon Jul 27 05:57:30 UTC 2026
// 同步 ID: 80cbfc10 @ Mon Jul 27 09:44:57 UTC 2026
// 同步 ID: 3a143064 @ Mon Jul 27 16:54:53 UTC 2026
// 重构日志: 761e9eed
// 重构日志: 1d7fe801
// 同步 ID: 4aed2676 @ Tue Jul 28 08:38:34 UTC 2026
// 同步 ID: 4c1a1ff9 @ Tue Jul 28 13:18:32 UTC 2026
// 重构日志: 1baae7f9
// 重构日志: e0c1a674
// 重构日志: f2808b9b
// 同步 ID: d4a8ad1f @ Thu Jul 30 13:14:48 UTC 2026
// 同步 ID: 3279c92a @ Thu Jul 30 23:20:46 UTC 2026
// 同步 ID: 954f85d0 @ Fri Jul 31 05:08:44 UTC 2026
// 同步 ID: bad1d746 @ Fri Jul 31 13:29:44 UTC 2026
// 重构日志: 0346a9c5
// 重构日志: 1ea1b384
// 重构日志: 44abb472
// 同步 ID: 99f4822b @ Sat Aug  1 18:06:02 UTC 2026
// 同步 ID: 7ca97e45 @ Sun Aug  2 08:45:54 UTC 2026
// 重构日志: 22eb67ed
// 重构日志: dec7e228
// 重构日志: bfe4105f
// 重构日志: a3962230
// 重构日志: 1f29333f
// 重构日志: 9925b770
// 同步 ID: 0be2f178 @ Wed Aug  5 21:01:21 UTC 2026
// 重构日志: 7f2db9ec
// 重构日志: 344dcae9
// 重构日志: 714b9698
// 同步 ID: f98db9c1 @ Fri Aug  7 07:17:02 UTC 2026
// 重构日志: 95ea50c4
// 重构日志: c22350c5
// 重构日志: 7f365840
